// Jest Snapshot v1, https://goo.gl/fbAQLP

exports[`renders correctly 1`] = `
<Styled(Container)
  style={
    Object {
      "margin": 5,
    }
  }
>
  <Styled(Content)>
    <Styled(Text)
      style={
        Object {
          "color": "red",
        }
      }
    />
    <Styled(Form)>
      <Image
        source={
          Object {
            "uri": undefined,
          }
        }
        style={
          Object {
            "borderRadius": 85,
            "borderWidth": 3,
            "height": 170,
            "marginBottom": 15,
            "width": 170,
          }
        }
      />
      <Styled(Item)
        stackedLabel={true}
      >
        <Styled(Label)>
          Email
        </Styled(Label)>
        <Styled(Input)
          autoCapitalize="none"
          onChangeText={[Function]}
        />
      </Styled(Item)>
      <Styled(Item)
        stackedLabel={true}
      >
        <Styled(Label)>
          Password
        </Styled(Label)>
        <Styled(Input)
          autoCapitalize="none"
          onChangeText={[Function]}
          secureTextEntry={true}
        />
      </Styled(Item)>
      <Styled(Item)
        stackedLabel={true}
      >
        <Styled(Label)>
          Confirm Password
        </Styled(Label)>
        <Styled(Input)
          autoCapitalize="none"
          onChangeText={[Function]}
          secureTextEntry={true}
        />
      </Styled(Item)>
      <Styled(Item)
        stackedLabel={true}
      >
        <Styled(Label)>
          Skills (separated by commas)
        </Styled(Label)>
        <Styled(Input)
          onChangeText={[Function]}
        />
      </Styled(Item)>
      <Styled(Item)
        last={true}
        stackedLabel={true}
      >
        <Styled(Label)>
          Profession
        </Styled(Label)>
        <Styled(Input)
          onChangeText={[Function]}
        />
      </Styled(Item)>
      <Styled(Item)
        last={true}
        stackedLabel={true}
      >
        <Styled(Label)>
          Name
        </Styled(Label)>
        <Styled(Input)
          onChangeText={[Function]}
        />
      </Styled(Item)>
      <Styled(Item)
        last={true}
        stackedLabel={true}
      >
        <Styled(Label)>
          Last Name
        </Styled(Label)>
        <Styled(Input)
          onChangeText={[Function]}
        />
      </Styled(Item)>
      <Styled(Item)
        last={true}
        stackedLabel={true}
      >
        <Styled(Label)>
          zipcode
        </Styled(Label)>
        <Styled(Input)
          onChangeText={[Function]}
        />
      </Styled(Item)>
      <Styled(Item)
        last={true}
        stackedLabel={true}
      >
        <Styled(Label)>
          Biography
        </Styled(Label)>
        <Styled(Input)
          onChangeText={[Function]}
        />
      </Styled(Item)>
    </Styled(Form)>
  </Styled(Content)>
  <TouchableOpacity
    activeOpacity={0.2}
    onPress={[Function]}
    style={
      Object {
        "backgroundColor": "#000000",
        "height": 40,
        "margin": 15,
        "padding": 10,
      }
    }
  >
    <Styled(Text)
      style={
        Object {
          "color": "white",
        }
      }
    >
       Next 
    </Styled(Text)>
  </TouchableOpacity>
</Styled(Container)>
`;
