// Jest Snapshot v1, https://goo.gl/fbAQLP

exports[`renders correctly 1`] = `
<message
  navigation={
    Object {
      "navigate": [Function],
    }
  }
>
  Snapshot test!
</message>
`;
