// Jest Snapshot v1, https://goo.gl/fbAQLP

exports[`renders correctly 1`] = `
<Styled(Container)>
  <Styled(Content)>
    <Styled(Text)
      style={
        Object {
          "color": "red",
        }
      }
    />
    <Styled(Form)>
      <Styled(Item)
        stackedLabel={true}
      >
        <Styled(Label)>
          Email
        </Styled(Label)>
        <Styled(Input)
          autoCapitalize="none"
          onChangeText={[Function]}
        />
      </Styled(Item)>
      <Styled(Item)
        last={true}
        stackedLabel={true}
      >
        <Styled(Label)>
          Password
        </Styled(Label)>
        <Styled(Input)
          autoCapitalize="none"
          onChangeText={[Function]}
          secureTextEntry={true}
        />
      </Styled(Item)>
    </Styled(Form)>
  </Styled(Content)>
  <TouchableOpacity
    activeOpacity={0.2}
    onPress={[Function]}
    style={
      Object {
        "backgroundColor": "#000000",
        "height": 40,
        "margin": 15,
        "padding": 10,
      }
    }
  >
    <Styled(Text)
      style={
        Object {
          "color": "white",
        }
      }
    >
       Next 
    </Styled(Text)>
  </TouchableOpacity>
</Styled(Container)>
`;
