// Jest Snapshot v1, https://goo.gl/fbAQLP

exports[`renders correctly 1`] = `
<Styled(Container)>
  <Styled(Header)>
    <Styled(Left)>
      <Styled(Button)
        onPress={[Function]}
        transparent={true}
      >
        <Styled(Icon)
          name="md-arrow-round-back"
        />
      </Styled(Button)>
    </Styled(Left)>
    <Styled(Body)>
      <Styled(Title)>
        Student Registration
      </Styled(Title)>
    </Styled(Body)>
    <Styled(Right)>
      <Styled(Button)
        onPress={[Function]}
        transparent={true}
      >
        <Styled(Icon)
          name="eye"
        />
      </Styled(Button)>
    </Styled(Right)>
  </Styled(Header)>
  <Styled(Content)>
    <Styled(Text)
      style={
        Object {
          "color": "red",
        }
      }
    />
    <Styled(Form)>
      <Component
        style={
          Object {
            "margin": "auto",
          }
        }
      >
        <Styled(Button)
          onPress={[Function]}
          style={
            Object {
              "margin": "auto",
            }
          }
        >
          <Styled(Text)>
            Select image from Camera Roll
          </Styled(Text)>
        </Styled(Button)>
      </Component>
      <Styled(Item)
        stackedLabel={true}
      >
        <Styled(Label)>
          Email
        </Styled(Label)>
        <Styled(Input)
          autoCapitalize="none"
          keyboardType="email-address"
          onChangeText={[Function]}
          placeholder="Enter your email"
        />
      </Styled(Item)>
      <Styled(Item)
        stackedLabel={true}
      >
        <Styled(Label)>
          Password
        </Styled(Label)>
        <Styled(Input)
          autoCapitalize="none"
          onChangeText={[Function]}
          placeholder="Enter your password"
          secureTextEntry={true}
        />
      </Styled(Item)>
      <Styled(Item)
        stackedLabel={true}
      >
        <Styled(Label)>
          Confirm Password
        </Styled(Label)>
        <Styled(Input)
          autoCapitalize="none"
          onChangeText={[Function]}
          placeholder="Confirm Password Change"
          secureTextEntry={true}
        />
      </Styled(Item)>
      <Styled(Item)
        last={true}
        stackedLabel={true}
      >
        <Styled(Label)>
          Name
        </Styled(Label)>
        <Styled(Input)
          onChangeText={[Function]}
          placeholder="Enter your name"
        />
      </Styled(Item)>
      <Styled(Item)
        last={true}
        stackedLabel={true}
      >
        <Styled(Label)>
          Last Name
        </Styled(Label)>
        <Styled(Input)
          onChangeText={[Function]}
          placeholder="Enter your last name"
        />
      </Styled(Item)>
      <Styled(Item)
        stackedLabel={true}
      >
        <Styled(Label)>
          Skills (separated by commas)
        </Styled(Label)>
        <Styled(Input)
          onChangeText={[Function]}
          placeholder="Enter skills you want to learn"
        />
      </Styled(Item)>
      <Styled(Item)
        last={true}
        stackedLabel={true}
      >
        <Styled(Label)>
          Profession
        </Styled(Label)>
        <Styled(Input)
          onChangeText={[Function]}
          placeholder="Enter profession you want to learn"
        />
      </Styled(Item)>
      <Styled(Item)
        last={true}
        stackedLabel={true}
      >
        <Styled(Label)>
          zipcode
        </Styled(Label)>
        <Styled(Input)
          onChangeText={[Function]}
          placeholder="Enter your zipcode"
        />
      </Styled(Item)>
      <Styled(Item)
        stackedLabel={true}
      >
        <Styled(Label)>
          Biography
        </Styled(Label)>
        <Styled(Input)
          onChangeText={[Function]}
          placeholder="Enter your bio"
        />
      </Styled(Item)>
    </Styled(Form)>
  </Styled(Content)>
  <TouchableOpacity
    activeOpacity={0.2}
    onPress={[Function]}
    style={
      Object {
        "backgroundColor": "#000000",
        "height": 40,
        "margin": 15,
        "padding": 10,
      }
    }
  >
    <Styled(Text)
      style={
        Object {
          "color": "white",
        }
      }
    >
       Next 
    </Styled(Text)>
  </TouchableOpacity>
</Styled(Container)>
`;
