// Jest Snapshot v1, https://goo.gl/fbAQLP

exports[`renders correctly 1`] = `
<View
  accessible={true}
  isTVSelectable={true}
  onResponderGrant={[Function]}
  onResponderMove={[Function]}
  onResponderRelease={[Function]}
  onResponderTerminate={[Function]}
  onResponderTerminationRequest={[Function]}
  onStartShouldSetResponder={[Function]}
  style={
    Object {
      "backgroundColor": undefined,
      "borderColor": undefined,
      "borderRadius": 10,
      "borderWidth": 0.5,
      "marginBottom": 10,
      "marginHorizontal": 15,
      "marginTop": 5,
      "opacity": 1,
      "padding": 15,
    }
  }
>
  <View
    style={
      Object {
        "flexDirection": "row",
      }
    }
  >
    <View
      style={
        Object {
          "alignItems": "center",
          "flex": 1,
          "flexDirection": "row",
          "justifyContent": "flex-start",
        }
      }
    >
      <Image
        source={
          Object {
            "uri": "https://cdn.cnn.com/cnnnext/dam/assets/180923222528-tiger-woods-fedex-playoff-exlarge-169.jpg=s40-c",
          }
        }
        style={
          Object {
            "borderRadius": 20,
            "height": 40,
            "width": 40,
          }
        }
      />
      <Text
        accessible={true}
        allowFontScaling={true}
        ellipsizeMode="tail"
        style={
          Object {
            "fontSize": 20,
            "marginLeft": 10,
          }
        }
      >
        FromUser
      </Text>
    </View>
    <View
      style={
        Object {
          "alignItems": "flex-end",
          "flex": 1,
          "justifyContent": "center",
        }
      }
    >
      <Text
        accessible={true}
        allowFontScaling={true}
        ellipsizeMode="tail"
        style={
          Object {
            "color": "rgb(102, 102, 102)",
          }
        }
      />
    </View>
  </View>
  <View
    style={
      Object {
        "flexDirection": "row",
        "marginTop": 20,
      }
    }
  >
    <Text
      accessible={true}
      allowFontScaling={true}
      ellipsizeMode="tail"
      style={
        Object {
          "fontSize": 14,
        }
      }
    >
      MyMessage
    </Text>
  </View>
</View>
`;
