// Jest Snapshot v1, https://goo.gl/fbAQLP

exports[`renders correctly 1`] = `
<shortM
  fromUser="FromUser"
  message="MyMessage"
  sentMessage="sentMessage"
>
  Snapshot test!
</shortM>
`;
