// Jest Snapshot v1, https://goo.gl/fbAQLP

exports[`renders correctly 1`] = `
<tabBar
  focused="focused"
  name="name"
>
  Snapshot test!
</tabBar>
`;
